2025-09-30 11:38:24,903:WARNING:
'cuml' is a soft dependency and not included in the pycaret installation. Please run: `pip install cuml` to install.
2025-09-30 11:38:24,903:WARNING:
'cuml' is a soft dependency and not included in the pycaret installation. Please run: `pip install cuml` to install.
2025-09-30 11:38:24,904:WARNING:
'cuml' is a soft dependency and not included in the pycaret installation. Please run: `pip install cuml` to install.
2025-09-30 11:38:24,904:WARNING:
'cuml' is a soft dependency and not included in the pycaret installation. Please run: `pip install cuml` to install.
2025-09-30 12:27:47,351:WARNING:
'cuml' is a soft dependency and not included in the pycaret installation. Please run: `pip install cuml` to install.
2025-09-30 12:27:47,351:WARNING:
'cuml' is a soft dependency and not included in the pycaret installation. Please run: `pip install cuml` to install.
2025-09-30 12:27:47,351:WARNING:
'cuml' is a soft dependency and not included in the pycaret installation. Please run: `pip install cuml` to install.
2025-09-30 12:27:47,351:WARNING:
'cuml' is a soft dependency and not included in the pycaret installation. Please run: `pip install cuml` to install.
2025-09-30 13:40:51,519:WARNING:
'cuml' is a soft dependency and not included in the pycaret installation. Please run: `pip install cuml` to install.
2025-09-30 13:40:51,519:WARNING:
'cuml' is a soft dependency and not included in the pycaret installation. Please run: `pip install cuml` to install.
2025-09-30 13:40:51,519:WARNING:
'cuml' is a soft dependency and not included in the pycaret installation. Please run: `pip install cuml` to install.
2025-09-30 13:40:51,519:WARNING:
'cuml' is a soft dependency and not included in the pycaret installation. Please run: `pip install cuml` to install.
2025-09-30 14:43:21,416:WARNING:
'cuml' is a soft dependency and not included in the pycaret installation. Please run: `pip install cuml` to install.
2025-09-30 14:43:21,416:WARNING:
'cuml' is a soft dependency and not included in the pycaret installation. Please run: `pip install cuml` to install.
2025-09-30 14:43:21,416:WARNING:
'cuml' is a soft dependency and not included in the pycaret installation. Please run: `pip install cuml` to install.
2025-09-30 14:43:21,416:WARNING:
'cuml' is a soft dependency and not included in the pycaret installation. Please run: `pip install cuml` to install.
2025-10-01 21:12:44,763:WARNING:
'cuml' is a soft dependency and not included in the pycaret installation. Please run: `pip install cuml` to install.
2025-10-01 21:12:44,763:WARNING:
'cuml' is a soft dependency and not included in the pycaret installation. Please run: `pip install cuml` to install.
2025-10-01 21:12:44,763:WARNING:
'cuml' is a soft dependency and not included in the pycaret installation. Please run: `pip install cuml` to install.
2025-10-01 21:12:44,763:WARNING:
'cuml' is a soft dependency and not included in the pycaret installation. Please run: `pip install cuml` to install.
2025-10-01 21:12:45,737:INFO:PyCaret ClassificationExperiment
2025-10-01 21:12:45,737:INFO:Logging name: clf-default-name
2025-10-01 21:12:45,737:INFO:ML Usecase: MLUsecase.CLASSIFICATION
2025-10-01 21:12:45,737:INFO:version 3.3.2
2025-10-01 21:12:45,737:INFO:Initializing setup()
2025-10-01 21:12:45,737:INFO:self.USI: af83
2025-10-01 21:12:45,737:INFO:self._variable_keys: {'gpu_param', 'y', 'X_train', 'data', 'exp_id', 'X', 'logging_param', 'target_param', 'idx', 'X_test', '_available_plots', 'fold_groups_param', 'USI', 'fold_shuffle_param', 'fold_generator', 'n_jobs_param', 'y_test', 'html_param', 'is_multiclass', 'gpu_n_jobs_param', 'seed', 'exp_name_log', 'pipeline', 'y_train', 'fix_imbalance', '_ml_usecase', 'memory', 'log_plots_param'}
2025-10-01 21:12:45,737:INFO:Checking environment
2025-10-01 21:12:45,737:INFO:python_version: 3.10.18
2025-10-01 21:12:45,737:INFO:python_build: ('main', 'Jun  3 2025 18:23:41')
2025-10-01 21:12:45,737:INFO:machine: arm64
2025-10-01 21:12:45,737:INFO:platform: macOS-26.0-arm64-arm-64bit
2025-10-01 21:12:45,737:INFO:Memory: svmem(total=19327352832, available=5360320512, percent=72.3, used=8317665280, free=206569472, active=5171052544, inactive=5124718592, wired=3146612736)
2025-10-01 21:12:45,737:INFO:Physical Core: 11
2025-10-01 21:12:45,737:INFO:Logical Core: 11
2025-10-01 21:12:45,737:INFO:Checking libraries
2025-10-01 21:12:45,737:INFO:System:
2025-10-01 21:12:45,737:INFO:    python: 3.10.18 (main, Jun  3 2025, 18:23:41) [Clang 17.0.0 (clang-1700.3.19.1)]
2025-10-01 21:12:45,737:INFO:executable: /Users/matiasgodoy/Universidad/2025-2/Lab MDS/GPT-6/lab5/.venv/bin/python
2025-10-01 21:12:45,737:INFO:   machine: macOS-26.0-arm64-arm-64bit
2025-10-01 21:12:45,737:INFO:PyCaret required dependencies:
2025-10-01 21:12:45,738:INFO:                 pip: 25.2
2025-10-01 21:12:45,738:INFO:          setuptools: 80.9.0
2025-10-01 21:12:45,738:INFO:             pycaret: 3.3.2
2025-10-01 21:12:45,738:INFO:             IPython: 8.37.0
2025-10-01 21:12:45,738:INFO:          ipywidgets: 8.1.7
2025-10-01 21:12:45,738:INFO:                tqdm: 4.67.1
2025-10-01 21:12:45,738:INFO:               numpy: 1.25.2
2025-10-01 21:12:45,738:INFO:              pandas: 2.1.4
2025-10-01 21:12:45,738:INFO:              jinja2: 3.1.6
2025-10-01 21:12:45,738:INFO:               scipy: 1.9.3
2025-10-01 21:12:45,738:INFO:              joblib: 1.2.0
2025-10-01 21:12:45,738:INFO:             sklearn: 1.4.2
2025-10-01 21:12:45,738:INFO:                pyod: 2.0.5
2025-10-01 21:12:45,738:INFO:            imblearn: 0.12.4
2025-10-01 21:12:45,738:INFO:   category_encoders: 2.7.0
2025-10-01 21:12:45,738:INFO:            lightgbm: 4.6.0
2025-10-01 21:12:45,738:INFO:               numba: 0.61.0
2025-10-01 21:12:45,738:INFO:            requests: 2.32.5
2025-10-01 21:12:45,738:INFO:          matplotlib: 3.7.5
2025-10-01 21:12:45,738:INFO:          scikitplot: 0.3.7
2025-10-01 21:12:45,738:INFO:         yellowbrick: 1.5
2025-10-01 21:12:45,738:INFO:              plotly: 6.3.0
2025-10-01 21:12:45,738:INFO:    plotly-resampler: Not installed
2025-10-01 21:12:45,738:INFO:             kaleido: 1.1.0
2025-10-01 21:12:45,738:INFO:           schemdraw: 0.15
2025-10-01 21:12:45,738:INFO:         statsmodels: 0.14.5
2025-10-01 21:12:45,738:INFO:              sktime: 0.26.0
2025-10-01 21:12:45,738:INFO:               tbats: 1.1.3
2025-10-01 21:12:45,738:INFO:            pmdarima: 2.0.4
2025-10-01 21:12:45,738:INFO:              psutil: 7.1.0
2025-10-01 21:12:45,738:INFO:          markupsafe: 3.0.3
2025-10-01 21:12:45,739:INFO:             pickle5: Not installed
2025-10-01 21:12:45,739:INFO:         cloudpickle: 3.1.1
2025-10-01 21:12:45,739:INFO:         deprecation: 2.1.0
2025-10-01 21:12:45,739:INFO:              xxhash: 3.5.0
2025-10-01 21:12:45,739:INFO:           wurlitzer: 3.1.1
2025-10-01 21:12:45,739:INFO:PyCaret optional dependencies:
2025-10-01 21:12:45,744:INFO:                shap: Not installed
2025-10-01 21:12:45,744:INFO:           interpret: Not installed
2025-10-01 21:12:45,744:INFO:                umap: Not installed
2025-10-01 21:12:45,744:INFO:     ydata_profiling: 4.17.0
2025-10-01 21:12:45,744:INFO:  explainerdashboard: Not installed
2025-10-01 21:12:45,744:INFO:             autoviz: Not installed
2025-10-01 21:12:45,744:INFO:           fairlearn: Not installed
2025-10-01 21:12:45,744:INFO:          deepchecks: Not installed
2025-10-01 21:12:45,744:INFO:             xgboost: 3.0.5
2025-10-01 21:12:45,744:INFO:            catboost: 1.1.1
2025-10-01 21:12:45,744:INFO:              kmodes: Not installed
2025-10-01 21:12:45,744:INFO:             mlxtend: Not installed
2025-10-01 21:12:45,744:INFO:       statsforecast: Not installed
2025-10-01 21:12:45,744:INFO:        tune_sklearn: Not installed
2025-10-01 21:12:45,744:INFO:                 ray: Not installed
2025-10-01 21:12:45,744:INFO:            hyperopt: Not installed
2025-10-01 21:12:45,744:INFO:              optuna: Not installed
2025-10-01 21:12:45,744:INFO:               skopt: Not installed
2025-10-01 21:12:45,744:INFO:              mlflow: Not installed
2025-10-01 21:12:45,744:INFO:              gradio: Not installed
2025-10-01 21:12:45,744:INFO:             fastapi: Not installed
2025-10-01 21:12:45,744:INFO:             uvicorn: Not installed
2025-10-01 21:12:45,744:INFO:              m2cgen: Not installed
2025-10-01 21:12:45,744:INFO:           evidently: Not installed
2025-10-01 21:12:45,744:INFO:               fugue: Not installed
2025-10-01 21:12:45,744:INFO:           streamlit: Not installed
2025-10-01 21:12:45,744:INFO:             prophet: Not installed
2025-10-01 21:12:45,744:INFO:None
2025-10-01 21:12:45,744:INFO:Set up data.
2025-10-01 21:12:45,762:INFO:Set up folding strategy.
2025-10-01 21:12:45,762:INFO:Set up train/test split.
2025-10-01 21:12:45,788:INFO:Set up index.
2025-10-01 21:12:45,788:INFO:Assigning column types.
2025-10-01 21:12:45,793:INFO:Engine successfully changes for model 'lr' to 'sklearn'.
2025-10-01 21:12:45,810:INFO:Engine for model 'knn' has not been set explicitly, hence returning None.
2025-10-01 21:12:45,811:INFO:Engine for model 'rbfsvm' has not been set explicitly, hence returning None.
2025-10-01 21:12:45,825:INFO:Soft dependency imported: xgboost: 3.0.5
2025-10-01 21:12:45,826:INFO:Soft dependency imported: catboost: 1.1.1
2025-10-01 21:12:46,252:INFO:Engine for model 'knn' has not been set explicitly, hence returning None.
2025-10-01 21:12:46,253:INFO:Engine for model 'rbfsvm' has not been set explicitly, hence returning None.
2025-10-01 21:12:46,265:INFO:Soft dependency imported: xgboost: 3.0.5
2025-10-01 21:12:46,266:INFO:Soft dependency imported: catboost: 1.1.1
2025-10-01 21:12:46,267:INFO:Engine successfully changes for model 'knn' to 'sklearn'.
2025-10-01 21:12:46,284:INFO:Engine for model 'rbfsvm' has not been set explicitly, hence returning None.
2025-10-01 21:12:46,294:INFO:Soft dependency imported: xgboost: 3.0.5
2025-10-01 21:12:46,295:INFO:Soft dependency imported: catboost: 1.1.1
2025-10-01 21:12:46,312:INFO:Engine for model 'rbfsvm' has not been set explicitly, hence returning None.
2025-10-01 21:12:46,322:INFO:Soft dependency imported: xgboost: 3.0.5
2025-10-01 21:12:46,323:INFO:Soft dependency imported: catboost: 1.1.1
2025-10-01 21:12:46,323:INFO:Engine successfully changes for model 'rbfsvm' to 'sklearn'.
2025-10-01 21:12:46,349:INFO:Soft dependency imported: xgboost: 3.0.5
2025-10-01 21:12:46,350:INFO:Soft dependency imported: catboost: 1.1.1
2025-10-01 21:12:46,376:INFO:Soft dependency imported: xgboost: 3.0.5
2025-10-01 21:12:46,376:INFO:Soft dependency imported: catboost: 1.1.1
2025-10-01 21:12:46,379:INFO:Set up custom pipeline.
2025-10-01 21:12:46,428:INFO:Finished creating preprocessing pipeline.
2025-10-01 21:12:46,444:INFO:Pipeline: Pipeline(memory=FastMemory(location=/var/folders/8v/t5h1lxj167s84k79jrdfr0380000gn/T/joblib),
         steps=[('custom_step',
                 TransformerWrapper(exclude=None, include=None,
                                    transformer=Pipeline(memory=None,
                                                         steps=[('pre',
                                                                 ColumnTransformer(n_jobs=None,
                                                                                   remainder='drop',
                                                                                   sparse_threshold=0.3,
                                                                                   transformer_weights=None,
                                                                                   transformers=[('num',
                                                                                                  StandardScaler(copy=True,
                                                                                                                 with...
      dtype='object')),
                                                                                                 ('cat',
                                                                                                  OneHotEncoder(categories='auto',
                                                                                                                drop=None,
                                                                                                                dtype=<class 'numpy.float64'>,
                                                                                                                feature_name_combiner='concat',
                                                                                                                handle_unknown='ignore',
                                                                                                                max_categories=None,
                                                                                                                min_frequency=None,
                                                                                                                sparse_output=True),
                                                                                                  Index(['Name', 'Nationality', 'Preffered_Foot', 'Work_Rate'], dtype='object'))],
                                                                                   verbose=False,
                                                                                   verbose_feature_names_out=True))],
                                                         verbose=False)))],
         verbose=False)
2025-10-01 21:12:46,445:INFO:Creating final display dataframe.
2025-10-01 21:12:51,145:INFO:Setup _display_container:                    Description           Value
0                   Session id               6
1                       Target           label
2                  Target type          Binary
3          Original data shape     (17587, 39)
4       Transformed data shape  (17587, 12388)
5  Transformed train set shape  (12310, 12388)
6   Transformed test set shape   (5277, 12388)
7             Numeric features              33
8         Categorical features               5
2025-10-01 21:12:51,176:INFO:Soft dependency imported: xgboost: 3.0.5
2025-10-01 21:12:51,177:INFO:Soft dependency imported: catboost: 1.1.1
2025-10-01 21:12:51,204:INFO:Soft dependency imported: xgboost: 3.0.5
2025-10-01 21:12:51,205:INFO:Soft dependency imported: catboost: 1.1.1
2025-10-01 21:12:51,206:INFO:setup() successfully completed in 5.47s...............
2025-10-01 21:12:51,206:INFO:Initializing compare_models()
2025-10-01 21:12:51,206:INFO:compare_models(self=<pycaret.classification.oop.ClassificationExperiment object at 0x10cbe8640>, include=['et', 'rf', 'dt', 'xgboost', 'lightgbm', 'catboost'], fold=None, round=4, cross_validation=True, sort=Precision, n_select=1, budget_time=None, turbo=True, errors=ignore, fit_kwargs=None, groups=None, experiment_custom_tags=None, probability_threshold=None, verbose=True, parallel=None, caller_params={'self': <pycaret.classification.oop.ClassificationExperiment object at 0x10cbe8640>, 'include': ['et', 'rf', 'dt', 'xgboost', 'lightgbm', 'catboost'], 'exclude': None, 'fold': None, 'round': 4, 'cross_validation': True, 'sort': 'Precision', 'n_select': 1, 'budget_time': None, 'turbo': True, 'errors': 'ignore', 'fit_kwargs': None, 'groups': None, 'experiment_custom_tags': None, 'probability_threshold': None, 'engine': None, 'verbose': True, 'parallel': None, '__class__': <class 'pycaret.classification.oop.ClassificationExperiment'>}, exclude=None)
2025-10-01 21:12:51,206:INFO:Checking exceptions
2025-10-01 21:12:51,211:INFO:Preparing display monitor
2025-10-01 21:12:51,252:INFO:Initializing Extra Trees Classifier
2025-10-01 21:12:51,252:INFO:Total runtime is 8.499622344970703e-06 minutes
2025-10-01 21:12:51,254:INFO:SubProcess create_model() called ==================================
2025-10-01 21:12:51,255:INFO:Initializing create_model()
2025-10-01 21:12:51,255:INFO:create_model(self=<pycaret.classification.oop.ClassificationExperiment object at 0x10cbe8640>, estimator=et, fold=StratifiedKFold(n_splits=10, random_state=None, shuffle=False), round=4, cross_validation=True, predict=True, fit_kwargs={}, groups=None, refit=False, probability_threshold=None, experiment_custom_tags=None, verbose=False, system=False, add_to_model_list=True, metrics=None, display=<pycaret.internal.display.display.CommonDisplay object at 0x14db264d0>, model_only=True, return_train_score=False, error_score=0.0, kwargs={})
2025-10-01 21:12:51,255:INFO:Checking exceptions
2025-10-01 21:12:51,255:INFO:Importing libraries
2025-10-01 21:12:51,255:INFO:Copying training dataset
2025-10-01 21:12:51,267:INFO:Defining folds
2025-10-01 21:12:51,268:INFO:Declaring metric variables
2025-10-01 21:12:51,270:INFO:Importing untrained model
2025-10-01 21:12:51,271:INFO:Extra Trees Classifier Imported successfully
2025-10-01 21:12:51,275:INFO:Starting cross validation
2025-10-01 21:12:51,279:INFO:Cross validating with StratifiedKFold(n_splits=10, random_state=None, shuffle=False), n_jobs=-1
2025-10-01 21:13:02,318:WARNING:/Users/matiasgodoy/Universidad/2025-2/Lab MDS/GPT-6/lab5/.venv/lib/python3.10/site-packages/sklearn/metrics/_classification.py:1509: UndefinedMetricWarning: Precision is ill-defined and being set to 0.0 due to no predicted samples. Use `zero_division` parameter to control this behavior.
  _warn_prf(average, modifier, f"{metric.capitalize()} is", len(result))

2025-10-01 21:13:02,319:WARNING:/Users/matiasgodoy/Universidad/2025-2/Lab MDS/GPT-6/lab5/.venv/lib/python3.10/site-packages/sklearn/metrics/_classification.py:1509: UndefinedMetricWarning: Precision is ill-defined and being set to 0.0 due to no predicted samples. Use `zero_division` parameter to control this behavior.
  _warn_prf(average, modifier, f"{metric.capitalize()} is", len(result))

2025-10-01 21:13:02,338:WARNING:/Users/matiasgodoy/Universidad/2025-2/Lab MDS/GPT-6/lab5/.venv/lib/python3.10/site-packages/sklearn/metrics/_classification.py:1509: UndefinedMetricWarning: Precision is ill-defined and being set to 0.0 due to no predicted samples. Use `zero_division` parameter to control this behavior.
  _warn_prf(average, modifier, f"{metric.capitalize()} is", len(result))

2025-10-01 21:13:02,343:WARNING:/Users/matiasgodoy/Universidad/2025-2/Lab MDS/GPT-6/lab5/.venv/lib/python3.10/site-packages/sklearn/metrics/_classification.py:1509: UndefinedMetricWarning: Precision is ill-defined and being set to 0.0 due to no predicted samples. Use `zero_division` parameter to control this behavior.
  _warn_prf(average, modifier, f"{metric.capitalize()} is", len(result))

2025-10-01 21:13:02,344:WARNING:/Users/matiasgodoy/Universidad/2025-2/Lab MDS/GPT-6/lab5/.venv/lib/python3.10/site-packages/sklearn/metrics/_classification.py:1509: UndefinedMetricWarning: Precision is ill-defined and being set to 0.0 due to no predicted samples. Use `zero_division` parameter to control this behavior.
  _warn_prf(average, modifier, f"{metric.capitalize()} is", len(result))

2025-10-01 21:13:02,600:INFO:Calculating mean and std
2025-10-01 21:13:02,601:INFO:Creating metrics dataframe
2025-10-01 21:13:02,604:INFO:Uploading results into container
2025-10-01 21:13:02,604:INFO:Uploading model into container now
2025-10-01 21:13:02,605:INFO:_master_model_container: 1
2025-10-01 21:13:02,605:INFO:_display_container: 2
2025-10-01 21:13:02,606:INFO:ExtraTreesClassifier(bootstrap=False, ccp_alpha=0.0, class_weight=None,
                     criterion='gini', max_depth=None, max_features='sqrt',
                     max_leaf_nodes=None, max_samples=None,
                     min_impurity_decrease=0.0, min_samples_leaf=1,
                     min_samples_split=2, min_weight_fraction_leaf=0.0,
                     monotonic_cst=None, n_estimators=100, n_jobs=-1,
                     oob_score=False, random_state=6, verbose=0,
                     warm_start=False)
2025-10-01 21:13:02,606:INFO:create_model() successfully completed......................................
2025-10-01 21:13:02,680:INFO:SubProcess create_model() end ==================================
2025-10-01 21:13:02,680:INFO:Creating metrics dataframe
2025-10-01 21:13:02,685:INFO:Initializing Random Forest Classifier
2025-10-01 21:13:02,685:INFO:Total runtime is 0.19055060148239136 minutes
2025-10-01 21:13:02,688:INFO:SubProcess create_model() called ==================================
2025-10-01 21:13:02,688:INFO:Initializing create_model()
2025-10-01 21:13:02,688:INFO:create_model(self=<pycaret.classification.oop.ClassificationExperiment object at 0x10cbe8640>, estimator=rf, fold=StratifiedKFold(n_splits=10, random_state=None, shuffle=False), round=4, cross_validation=True, predict=True, fit_kwargs={}, groups=None, refit=False, probability_threshold=None, experiment_custom_tags=None, verbose=False, system=False, add_to_model_list=True, metrics=None, display=<pycaret.internal.display.display.CommonDisplay object at 0x14db264d0>, model_only=True, return_train_score=False, error_score=0.0, kwargs={})
2025-10-01 21:13:02,688:INFO:Checking exceptions
2025-10-01 21:13:02,688:INFO:Importing libraries
2025-10-01 21:13:02,688:INFO:Copying training dataset
2025-10-01 21:13:02,699:INFO:Defining folds
2025-10-01 21:13:02,699:INFO:Declaring metric variables
2025-10-01 21:13:02,702:INFO:Importing untrained model
2025-10-01 21:13:02,704:INFO:Random Forest Classifier Imported successfully
2025-10-01 21:13:02,709:INFO:Starting cross validation
2025-10-01 21:13:02,714:INFO:Cross validating with StratifiedKFold(n_splits=10, random_state=None, shuffle=False), n_jobs=-1
2025-10-01 21:13:08,708:INFO:Calculating mean and std
2025-10-01 21:13:08,708:INFO:Creating metrics dataframe
2025-10-01 21:13:08,709:INFO:Uploading results into container
2025-10-01 21:13:08,710:INFO:Uploading model into container now
2025-10-01 21:13:08,710:INFO:_master_model_container: 2
2025-10-01 21:13:08,710:INFO:_display_container: 2
2025-10-01 21:13:08,710:INFO:RandomForestClassifier(bootstrap=True, ccp_alpha=0.0, class_weight=None,
                       criterion='gini', max_depth=None, max_features='sqrt',
                       max_leaf_nodes=None, max_samples=None,
                       min_impurity_decrease=0.0, min_samples_leaf=1,
                       min_samples_split=2, min_weight_fraction_leaf=0.0,
                       monotonic_cst=None, n_estimators=100, n_jobs=-1,
                       oob_score=False, random_state=6, verbose=0,
                       warm_start=False)
2025-10-01 21:13:08,710:INFO:create_model() successfully completed......................................
2025-10-01 21:13:08,760:INFO:SubProcess create_model() end ==================================
2025-10-01 21:13:08,760:INFO:Creating metrics dataframe
2025-10-01 21:13:08,764:INFO:Initializing Decision Tree Classifier
2025-10-01 21:13:08,764:INFO:Total runtime is 0.29186323086420696 minutes
2025-10-01 21:13:08,765:INFO:SubProcess create_model() called ==================================
2025-10-01 21:13:08,765:INFO:Initializing create_model()
2025-10-01 21:13:08,765:INFO:create_model(self=<pycaret.classification.oop.ClassificationExperiment object at 0x10cbe8640>, estimator=dt, fold=StratifiedKFold(n_splits=10, random_state=None, shuffle=False), round=4, cross_validation=True, predict=True, fit_kwargs={}, groups=None, refit=False, probability_threshold=None, experiment_custom_tags=None, verbose=False, system=False, add_to_model_list=True, metrics=None, display=<pycaret.internal.display.display.CommonDisplay object at 0x14db264d0>, model_only=True, return_train_score=False, error_score=0.0, kwargs={})
2025-10-01 21:13:08,765:INFO:Checking exceptions
2025-10-01 21:13:08,765:INFO:Importing libraries
2025-10-01 21:13:08,766:INFO:Copying training dataset
2025-10-01 21:13:08,774:INFO:Defining folds
2025-10-01 21:13:08,775:INFO:Declaring metric variables
2025-10-01 21:13:08,778:INFO:Importing untrained model
2025-10-01 21:13:08,780:INFO:Decision Tree Classifier Imported successfully
2025-10-01 21:13:08,784:INFO:Starting cross validation
2025-10-01 21:13:08,788:INFO:Cross validating with StratifiedKFold(n_splits=10, random_state=None, shuffle=False), n_jobs=-1
2025-10-01 21:13:12,159:INFO:Calculating mean and std
2025-10-01 21:13:12,160:INFO:Creating metrics dataframe
2025-10-01 21:13:12,161:INFO:Uploading results into container
2025-10-01 21:13:12,161:INFO:Uploading model into container now
2025-10-01 21:13:12,161:INFO:_master_model_container: 3
2025-10-01 21:13:12,161:INFO:_display_container: 2
2025-10-01 21:13:12,161:INFO:DecisionTreeClassifier(ccp_alpha=0.0, class_weight=None, criterion='gini',
                       max_depth=None, max_features=None, max_leaf_nodes=None,
                       min_impurity_decrease=0.0, min_samples_leaf=1,
                       min_samples_split=2, min_weight_fraction_leaf=0.0,
                       monotonic_cst=None, random_state=6, splitter='best')
2025-10-01 21:13:12,161:INFO:create_model() successfully completed......................................
2025-10-01 21:13:12,203:INFO:SubProcess create_model() end ==================================
2025-10-01 21:13:12,204:INFO:Creating metrics dataframe
2025-10-01 21:13:12,207:INFO:Initializing Extreme Gradient Boosting
2025-10-01 21:13:12,207:INFO:Total runtime is 0.3492462356885274 minutes
2025-10-01 21:13:12,208:INFO:SubProcess create_model() called ==================================
2025-10-01 21:13:12,208:INFO:Initializing create_model()
2025-10-01 21:13:12,208:INFO:create_model(self=<pycaret.classification.oop.ClassificationExperiment object at 0x10cbe8640>, estimator=xgboost, fold=StratifiedKFold(n_splits=10, random_state=None, shuffle=False), round=4, cross_validation=True, predict=True, fit_kwargs={}, groups=None, refit=False, probability_threshold=None, experiment_custom_tags=None, verbose=False, system=False, add_to_model_list=True, metrics=None, display=<pycaret.internal.display.display.CommonDisplay object at 0x14db264d0>, model_only=True, return_train_score=False, error_score=0.0, kwargs={})
2025-10-01 21:13:12,208:INFO:Checking exceptions
2025-10-01 21:13:12,208:INFO:Importing libraries
2025-10-01 21:13:12,208:INFO:Copying training dataset
2025-10-01 21:13:12,216:INFO:Defining folds
2025-10-01 21:13:12,216:INFO:Declaring metric variables
2025-10-01 21:13:12,217:INFO:Importing untrained model
2025-10-01 21:13:12,219:INFO:Extreme Gradient Boosting Imported successfully
2025-10-01 21:13:12,223:INFO:Starting cross validation
2025-10-01 21:13:12,226:INFO:Cross validating with StratifiedKFold(n_splits=10, random_state=None, shuffle=False), n_jobs=-1
2025-10-01 21:13:12,795:WARNING:/Users/matiasgodoy/Universidad/2025-2/Lab MDS/GPT-6/lab5/.venv/lib/python3.10/site-packages/xgboost/data.py:399: UserWarning: Sparse arrays from pandas are converted into dense.
  warnings.warn("Sparse arrays from pandas are converted into dense.")

2025-10-01 21:13:12,806:WARNING:/Users/matiasgodoy/Universidad/2025-2/Lab MDS/GPT-6/lab5/.venv/lib/python3.10/site-packages/xgboost/data.py:399: UserWarning: Sparse arrays from pandas are converted into dense.
  warnings.warn("Sparse arrays from pandas are converted into dense.")

2025-10-01 21:13:12,813:WARNING:/Users/matiasgodoy/Universidad/2025-2/Lab MDS/GPT-6/lab5/.venv/lib/python3.10/site-packages/xgboost/data.py:399: UserWarning: Sparse arrays from pandas are converted into dense.
  warnings.warn("Sparse arrays from pandas are converted into dense.")

2025-10-01 21:13:12,816:WARNING:/Users/matiasgodoy/Universidad/2025-2/Lab MDS/GPT-6/lab5/.venv/lib/python3.10/site-packages/xgboost/data.py:399: UserWarning: Sparse arrays from pandas are converted into dense.
  warnings.warn("Sparse arrays from pandas are converted into dense.")

2025-10-01 21:13:12,825:WARNING:/Users/matiasgodoy/Universidad/2025-2/Lab MDS/GPT-6/lab5/.venv/lib/python3.10/site-packages/xgboost/data.py:399: UserWarning: Sparse arrays from pandas are converted into dense.
  warnings.warn("Sparse arrays from pandas are converted into dense.")

2025-10-01 21:13:12,830:WARNING:/Users/matiasgodoy/Universidad/2025-2/Lab MDS/GPT-6/lab5/.venv/lib/python3.10/site-packages/xgboost/data.py:399: UserWarning: Sparse arrays from pandas are converted into dense.
  warnings.warn("Sparse arrays from pandas are converted into dense.")

2025-10-01 21:13:12,832:WARNING:/Users/matiasgodoy/Universidad/2025-2/Lab MDS/GPT-6/lab5/.venv/lib/python3.10/site-packages/xgboost/data.py:399: UserWarning: Sparse arrays from pandas are converted into dense.
  warnings.warn("Sparse arrays from pandas are converted into dense.")

2025-10-01 21:13:12,835:WARNING:/Users/matiasgodoy/Universidad/2025-2/Lab MDS/GPT-6/lab5/.venv/lib/python3.10/site-packages/xgboost/data.py:399: UserWarning: Sparse arrays from pandas are converted into dense.
  warnings.warn("Sparse arrays from pandas are converted into dense.")

2025-10-01 21:13:12,846:WARNING:/Users/matiasgodoy/Universidad/2025-2/Lab MDS/GPT-6/lab5/.venv/lib/python3.10/site-packages/xgboost/data.py:399: UserWarning: Sparse arrays from pandas are converted into dense.
  warnings.warn("Sparse arrays from pandas are converted into dense.")

2025-10-01 21:13:12,853:WARNING:/Users/matiasgodoy/Universidad/2025-2/Lab MDS/GPT-6/lab5/.venv/lib/python3.10/site-packages/xgboost/data.py:399: UserWarning: Sparse arrays from pandas are converted into dense.
  warnings.warn("Sparse arrays from pandas are converted into dense.")

2025-10-01 21:14:19,829:WARNING:/Users/matiasgodoy/Universidad/2025-2/Lab MDS/GPT-6/lab5/.venv/lib/python3.10/site-packages/xgboost/data.py:399: UserWarning: Sparse arrays from pandas are converted into dense.
  warnings.warn("Sparse arrays from pandas are converted into dense.")

2025-10-01 21:14:20,390:WARNING:/Users/matiasgodoy/Universidad/2025-2/Lab MDS/GPT-6/lab5/.venv/lib/python3.10/site-packages/xgboost/data.py:399: UserWarning: Sparse arrays from pandas are converted into dense.
  warnings.warn("Sparse arrays from pandas are converted into dense.")

2025-10-01 21:14:20,429:WARNING:/Users/matiasgodoy/Universidad/2025-2/Lab MDS/GPT-6/lab5/.venv/lib/python3.10/site-packages/xgboost/data.py:399: UserWarning: Sparse arrays from pandas are converted into dense.
  warnings.warn("Sparse arrays from pandas are converted into dense.")

2025-10-01 21:14:20,973:WARNING:/Users/matiasgodoy/Universidad/2025-2/Lab MDS/GPT-6/lab5/.venv/lib/python3.10/site-packages/xgboost/data.py:399: UserWarning: Sparse arrays from pandas are converted into dense.
  warnings.warn("Sparse arrays from pandas are converted into dense.")

2025-10-01 21:14:21,497:WARNING:/Users/matiasgodoy/Universidad/2025-2/Lab MDS/GPT-6/lab5/.venv/lib/python3.10/site-packages/xgboost/data.py:399: UserWarning: Sparse arrays from pandas are converted into dense.
  warnings.warn("Sparse arrays from pandas are converted into dense.")

2025-10-01 21:14:21,666:WARNING:/Users/matiasgodoy/Universidad/2025-2/Lab MDS/GPT-6/lab5/.venv/lib/python3.10/site-packages/xgboost/data.py:399: UserWarning: Sparse arrays from pandas are converted into dense.
  warnings.warn("Sparse arrays from pandas are converted into dense.")

2025-10-01 21:14:21,709:WARNING:/Users/matiasgodoy/Universidad/2025-2/Lab MDS/GPT-6/lab5/.venv/lib/python3.10/site-packages/xgboost/data.py:399: UserWarning: Sparse arrays from pandas are converted into dense.
  warnings.warn("Sparse arrays from pandas are converted into dense.")

2025-10-01 21:14:21,721:WARNING:/Users/matiasgodoy/Universidad/2025-2/Lab MDS/GPT-6/lab5/.venv/lib/python3.10/site-packages/xgboost/data.py:399: UserWarning: Sparse arrays from pandas are converted into dense.
  warnings.warn("Sparse arrays from pandas are converted into dense.")

2025-10-01 21:14:21,750:WARNING:/Users/matiasgodoy/Universidad/2025-2/Lab MDS/GPT-6/lab5/.venv/lib/python3.10/site-packages/xgboost/data.py:399: UserWarning: Sparse arrays from pandas are converted into dense.
  warnings.warn("Sparse arrays from pandas are converted into dense.")

2025-10-01 21:14:21,844:WARNING:/Users/matiasgodoy/Universidad/2025-2/Lab MDS/GPT-6/lab5/.venv/lib/python3.10/site-packages/xgboost/data.py:399: UserWarning: Sparse arrays from pandas are converted into dense.
  warnings.warn("Sparse arrays from pandas are converted into dense.")

2025-10-01 21:14:22,079:WARNING:/Users/matiasgodoy/Universidad/2025-2/Lab MDS/GPT-6/lab5/.venv/lib/python3.10/site-packages/xgboost/data.py:399: UserWarning: Sparse arrays from pandas are converted into dense.
  warnings.warn("Sparse arrays from pandas are converted into dense.")

2025-10-01 21:14:22,691:WARNING:/Users/matiasgodoy/Universidad/2025-2/Lab MDS/GPT-6/lab5/.venv/lib/python3.10/site-packages/xgboost/data.py:399: UserWarning: Sparse arrays from pandas are converted into dense.
  warnings.warn("Sparse arrays from pandas are converted into dense.")

2025-10-01 21:14:22,810:WARNING:/Users/matiasgodoy/Universidad/2025-2/Lab MDS/GPT-6/lab5/.venv/lib/python3.10/site-packages/xgboost/data.py:399: UserWarning: Sparse arrays from pandas are converted into dense.
  warnings.warn("Sparse arrays from pandas are converted into dense.")

2025-10-01 21:14:22,834:WARNING:/Users/matiasgodoy/Universidad/2025-2/Lab MDS/GPT-6/lab5/.venv/lib/python3.10/site-packages/xgboost/data.py:399: UserWarning: Sparse arrays from pandas are converted into dense.
  warnings.warn("Sparse arrays from pandas are converted into dense.")

2025-10-01 21:14:22,943:WARNING:/Users/matiasgodoy/Universidad/2025-2/Lab MDS/GPT-6/lab5/.venv/lib/python3.10/site-packages/xgboost/data.py:399: UserWarning: Sparse arrays from pandas are converted into dense.
  warnings.warn("Sparse arrays from pandas are converted into dense.")

2025-10-01 21:14:23,164:WARNING:/Users/matiasgodoy/Universidad/2025-2/Lab MDS/GPT-6/lab5/.venv/lib/python3.10/site-packages/xgboost/data.py:399: UserWarning: Sparse arrays from pandas are converted into dense.
  warnings.warn("Sparse arrays from pandas are converted into dense.")

2025-10-01 21:14:23,451:WARNING:/Users/matiasgodoy/Universidad/2025-2/Lab MDS/GPT-6/lab5/.venv/lib/python3.10/site-packages/xgboost/data.py:399: UserWarning: Sparse arrays from pandas are converted into dense.
  warnings.warn("Sparse arrays from pandas are converted into dense.")

2025-10-01 21:14:23,979:WARNING:/Users/matiasgodoy/Universidad/2025-2/Lab MDS/GPT-6/lab5/.venv/lib/python3.10/site-packages/xgboost/data.py:399: UserWarning: Sparse arrays from pandas are converted into dense.
  warnings.warn("Sparse arrays from pandas are converted into dense.")

2025-10-01 21:14:24,079:WARNING:/Users/matiasgodoy/Universidad/2025-2/Lab MDS/GPT-6/lab5/.venv/lib/python3.10/site-packages/xgboost/data.py:399: UserWarning: Sparse arrays from pandas are converted into dense.
  warnings.warn("Sparse arrays from pandas are converted into dense.")

2025-10-01 21:14:24,609:WARNING:/Users/matiasgodoy/Universidad/2025-2/Lab MDS/GPT-6/lab5/.venv/lib/python3.10/site-packages/xgboost/data.py:399: UserWarning: Sparse arrays from pandas are converted into dense.
  warnings.warn("Sparse arrays from pandas are converted into dense.")

2025-10-01 21:14:24,943:INFO:Calculating mean and std
2025-10-01 21:14:24,945:INFO:Creating metrics dataframe
2025-10-01 21:14:24,949:INFO:Uploading results into container
2025-10-01 21:14:24,950:INFO:Uploading model into container now
2025-10-01 21:14:24,950:INFO:_master_model_container: 4
2025-10-01 21:14:24,951:INFO:_display_container: 2
2025-10-01 21:14:24,951:INFO:XGBClassifier(base_score=None, booster='gbtree', callbacks=None,
              colsample_bylevel=None, colsample_bynode=None,
              colsample_bytree=None, device='cpu', early_stopping_rounds=None,
              enable_categorical=False, eval_metric=None, feature_types=None,
              feature_weights=None, gamma=None, grow_policy=None,
              importance_type=None, interaction_constraints=None,
              learning_rate=None, max_bin=None, max_cat_threshold=None,
              max_cat_to_onehot=None, max_delta_step=None, max_depth=None,
              max_leaves=None, min_child_weight=None, missing=nan,
              monotone_constraints=None, multi_strategy=None, n_estimators=None,
              n_jobs=-1, num_parallel_tree=None, ...)
2025-10-01 21:14:24,952:INFO:create_model() successfully completed......................................
2025-10-01 21:14:25,016:INFO:SubProcess create_model() end ==================================
2025-10-01 21:14:25,016:INFO:Creating metrics dataframe
2025-10-01 21:14:25,020:INFO:Initializing Light Gradient Boosting Machine
2025-10-01 21:14:25,020:INFO:Total runtime is 1.5627994497617084 minutes
2025-10-01 21:14:25,021:INFO:SubProcess create_model() called ==================================
2025-10-01 21:14:25,022:INFO:Initializing create_model()
2025-10-01 21:14:25,022:INFO:create_model(self=<pycaret.classification.oop.ClassificationExperiment object at 0x10cbe8640>, estimator=lightgbm, fold=StratifiedKFold(n_splits=10, random_state=None, shuffle=False), round=4, cross_validation=True, predict=True, fit_kwargs={}, groups=None, refit=False, probability_threshold=None, experiment_custom_tags=None, verbose=False, system=False, add_to_model_list=True, metrics=None, display=<pycaret.internal.display.display.CommonDisplay object at 0x14db264d0>, model_only=True, return_train_score=False, error_score=0.0, kwargs={})
2025-10-01 21:14:25,022:INFO:Checking exceptions
2025-10-01 21:14:25,022:INFO:Importing libraries
2025-10-01 21:14:25,022:INFO:Copying training dataset
2025-10-01 21:14:25,030:INFO:Defining folds
2025-10-01 21:14:25,030:INFO:Declaring metric variables
2025-10-01 21:14:25,032:INFO:Importing untrained model
2025-10-01 21:14:25,033:INFO:Light Gradient Boosting Machine Imported successfully
2025-10-01 21:14:25,036:INFO:Starting cross validation
2025-10-01 21:14:25,039:INFO:Cross validating with StratifiedKFold(n_splits=10, random_state=None, shuffle=False), n_jobs=-1
2025-10-01 21:14:57,143:INFO:Calculating mean and std
2025-10-01 21:14:57,146:INFO:Creating metrics dataframe
2025-10-01 21:14:57,149:INFO:Uploading results into container
2025-10-01 21:14:57,149:INFO:Uploading model into container now
2025-10-01 21:14:57,150:INFO:_master_model_container: 5
2025-10-01 21:14:57,150:INFO:_display_container: 2
2025-10-01 21:14:57,151:INFO:LGBMClassifier(boosting_type='gbdt', class_weight=None, colsample_bytree=1.0,
               importance_type='split', learning_rate=0.1, max_depth=-1,
               min_child_samples=20, min_child_weight=0.001, min_split_gain=0.0,
               n_estimators=100, n_jobs=-1, num_leaves=31, objective=None,
               random_state=6, reg_alpha=0.0, reg_lambda=0.0, subsample=1.0,
               subsample_for_bin=200000, subsample_freq=0)
2025-10-01 21:14:57,151:INFO:create_model() successfully completed......................................
2025-10-01 21:14:57,217:INFO:SubProcess create_model() end ==================================
2025-10-01 21:14:57,218:INFO:Creating metrics dataframe
2025-10-01 21:14:57,223:INFO:Initializing CatBoost Classifier
2025-10-01 21:14:57,223:INFO:Total runtime is 2.0995171666145325 minutes
2025-10-01 21:14:57,225:INFO:SubProcess create_model() called ==================================
2025-10-01 21:14:57,225:INFO:Initializing create_model()
2025-10-01 21:14:57,225:INFO:create_model(self=<pycaret.classification.oop.ClassificationExperiment object at 0x10cbe8640>, estimator=catboost, fold=StratifiedKFold(n_splits=10, random_state=None, shuffle=False), round=4, cross_validation=True, predict=True, fit_kwargs={}, groups=None, refit=False, probability_threshold=None, experiment_custom_tags=None, verbose=False, system=False, add_to_model_list=True, metrics=None, display=<pycaret.internal.display.display.CommonDisplay object at 0x14db264d0>, model_only=True, return_train_score=False, error_score=0.0, kwargs={})
2025-10-01 21:14:57,225:INFO:Checking exceptions
2025-10-01 21:14:57,225:INFO:Importing libraries
2025-10-01 21:14:57,225:INFO:Copying training dataset
2025-10-01 21:14:57,234:INFO:Defining folds
2025-10-01 21:14:57,235:INFO:Declaring metric variables
2025-10-01 21:14:57,236:INFO:Importing untrained model
2025-10-01 21:14:57,238:INFO:CatBoost Classifier Imported successfully
2025-10-01 21:14:57,241:INFO:Starting cross validation
2025-10-01 21:14:57,247:INFO:Cross validating with StratifiedKFold(n_splits=10, random_state=None, shuffle=False), n_jobs=-1
2025-10-01 21:15:30,780:INFO:Calculating mean and std
2025-10-01 21:15:30,782:INFO:Creating metrics dataframe
2025-10-01 21:15:30,783:INFO:Uploading results into container
2025-10-01 21:15:30,784:INFO:Uploading model into container now
2025-10-01 21:15:30,784:INFO:_master_model_container: 6
2025-10-01 21:15:30,784:INFO:_display_container: 2
2025-10-01 21:15:30,784:INFO:<catboost.core.CatBoostClassifier object at 0x14d9096f0>
2025-10-01 21:15:30,784:INFO:create_model() successfully completed......................................
2025-10-01 21:15:30,831:INFO:SubProcess create_model() end ==================================
2025-10-01 21:15:30,831:INFO:Creating metrics dataframe
2025-10-01 21:15:30,837:WARNING:/Users/matiasgodoy/Universidad/2025-2/Lab MDS/GPT-6/lab5/.venv/lib/python3.10/site-packages/pycaret/internal/pycaret_experiment/supervised_experiment.py:323: FutureWarning: Styler.applymap has been deprecated. Use Styler.map instead.
  master_display_.apply(

2025-10-01 21:15:30,840:INFO:Initializing create_model()
2025-10-01 21:15:30,841:INFO:create_model(self=<pycaret.classification.oop.ClassificationExperiment object at 0x10cbe8640>, estimator=RandomForestClassifier(bootstrap=True, ccp_alpha=0.0, class_weight=None,
                       criterion='gini', max_depth=None, max_features='sqrt',
                       max_leaf_nodes=None, max_samples=None,
                       min_impurity_decrease=0.0, min_samples_leaf=1,
                       min_samples_split=2, min_weight_fraction_leaf=0.0,
                       monotonic_cst=None, n_estimators=100, n_jobs=-1,
                       oob_score=False, random_state=6, verbose=0,
                       warm_start=False), fold=StratifiedKFold(n_splits=10, random_state=None, shuffle=False), round=4, cross_validation=False, predict=False, fit_kwargs={}, groups=None, refit=True, probability_threshold=None, experiment_custom_tags=None, verbose=False, system=False, add_to_model_list=True, metrics=None, display=None, model_only=True, return_train_score=False, error_score=0.0, kwargs={})
2025-10-01 21:15:30,841:INFO:Checking exceptions
2025-10-01 21:15:30,842:INFO:Importing libraries
2025-10-01 21:15:30,842:INFO:Copying training dataset
2025-10-01 21:15:30,850:INFO:Defining folds
2025-10-01 21:15:30,850:INFO:Declaring metric variables
2025-10-01 21:15:30,850:INFO:Importing untrained model
2025-10-01 21:15:30,850:INFO:Declaring custom model
2025-10-01 21:15:30,850:INFO:Random Forest Classifier Imported successfully
2025-10-01 21:15:30,854:INFO:Cross validation set to False
2025-10-01 21:15:30,854:INFO:Fitting Model
2025-10-01 21:15:31,852:INFO:RandomForestClassifier(bootstrap=True, ccp_alpha=0.0, class_weight=None,
                       criterion='gini', max_depth=None, max_features='sqrt',
                       max_leaf_nodes=None, max_samples=None,
                       min_impurity_decrease=0.0, min_samples_leaf=1,
                       min_samples_split=2, min_weight_fraction_leaf=0.0,
                       monotonic_cst=None, n_estimators=100, n_jobs=-1,
                       oob_score=False, random_state=6, verbose=0,
                       warm_start=False)
2025-10-01 21:15:31,852:INFO:create_model() successfully completed......................................
2025-10-01 21:15:31,973:INFO:_master_model_container: 6
2025-10-01 21:15:31,973:INFO:_display_container: 2
2025-10-01 21:15:31,974:INFO:RandomForestClassifier(bootstrap=True, ccp_alpha=0.0, class_weight=None,
                       criterion='gini', max_depth=None, max_features='sqrt',
                       max_leaf_nodes=None, max_samples=None,
                       min_impurity_decrease=0.0, min_samples_leaf=1,
                       min_samples_split=2, min_weight_fraction_leaf=0.0,
                       monotonic_cst=None, n_estimators=100, n_jobs=-1,
                       oob_score=False, random_state=6, verbose=0,
                       warm_start=False)
2025-10-01 21:15:31,974:INFO:compare_models() successfully completed......................................
2025-10-01 21:15:31,974:INFO:Initializing evaluate_model()
2025-10-01 21:15:31,974:INFO:evaluate_model(self=<pycaret.classification.oop.ClassificationExperiment object at 0x10cbe8640>, estimator=RandomForestClassifier(bootstrap=True, ccp_alpha=0.0, class_weight=None,
                       criterion='gini', max_depth=None, max_features='sqrt',
                       max_leaf_nodes=None, max_samples=None,
                       min_impurity_decrease=0.0, min_samples_leaf=1,
                       min_samples_split=2, min_weight_fraction_leaf=0.0,
                       monotonic_cst=None, n_estimators=100, n_jobs=-1,
                       oob_score=False, random_state=6, verbose=0,
                       warm_start=False), fold=None, fit_kwargs=None, plot_kwargs=None, feature_name=None, groups=None)
2025-10-01 21:15:31,984:INFO:Initializing plot_model()
2025-10-01 21:15:31,984:INFO:plot_model(plot=pipeline, fold=StratifiedKFold(n_splits=10, random_state=None, shuffle=False), verbose=False, display=None, display_format=None, estimator=RandomForestClassifier(bootstrap=True, ccp_alpha=0.0, class_weight=None,
                       criterion='gini', max_depth=None, max_features='sqrt',
                       max_leaf_nodes=None, max_samples=None,
                       min_impurity_decrease=0.0, min_samples_leaf=1,
                       min_samples_split=2, min_weight_fraction_leaf=0.0,
                       monotonic_cst=None, n_estimators=100, n_jobs=-1,
                       oob_score=False, random_state=6, verbose=0,
                       warm_start=False), feature_name=None, fit_kwargs={}, groups=None, label=False, plot_kwargs=None, save=False, scale=1, self=<pycaret.classification.oop.ClassificationExperiment object at 0x10cbe8640>, system=True)
2025-10-01 21:15:31,984:INFO:Checking exceptions
2025-10-01 21:15:31,998:INFO:Preloading libraries
2025-10-01 21:15:32,010:INFO:Copying training dataset
2025-10-01 21:15:32,010:INFO:Plot type: pipeline
2025-10-01 21:15:32,108:INFO:Visual Rendered Successfully
2025-10-01 21:15:32,189:INFO:plot_model() successfully completed......................................
2025-10-01 21:15:46,178:INFO:Initializing plot_model()
2025-10-01 21:15:46,178:INFO:plot_model(plot=confusion_matrix, fold=StratifiedKFold(n_splits=10, random_state=None, shuffle=False), verbose=False, display=None, display_format=None, estimator=RandomForestClassifier(bootstrap=True, ccp_alpha=0.0, class_weight=None,
                       criterion='gini', max_depth=None, max_features='sqrt',
                       max_leaf_nodes=None, max_samples=None,
                       min_impurity_decrease=0.0, min_samples_leaf=1,
                       min_samples_split=2, min_weight_fraction_leaf=0.0,
                       monotonic_cst=None, n_estimators=100, n_jobs=-1,
                       oob_score=False, random_state=6, verbose=0,
                       warm_start=False), feature_name=None, fit_kwargs={}, groups=None, label=False, plot_kwargs=None, save=False, scale=1, self=<pycaret.classification.oop.ClassificationExperiment object at 0x10cbe8640>, system=True)
2025-10-01 21:15:46,178:INFO:Checking exceptions
2025-10-01 21:15:46,198:INFO:Preloading libraries
2025-10-01 21:15:46,214:INFO:Copying training dataset
2025-10-01 21:15:46,214:INFO:Plot type: confusion_matrix
2025-10-01 21:15:50,373:INFO:Fitting Model
2025-10-01 21:15:50,375:WARNING:/Users/matiasgodoy/Universidad/2025-2/Lab MDS/GPT-6/lab5/.venv/lib/python3.10/site-packages/sklearn/base.py:493: UserWarning: X does not have valid feature names, but RandomForestClassifier was fitted with feature names
  warnings.warn(

2025-10-01 21:15:50,375:INFO:Scoring test/hold-out set
2025-10-01 21:15:51,004:INFO:Visual Rendered Successfully
2025-10-01 21:15:51,212:INFO:plot_model() successfully completed......................................
2025-10-01 21:16:07,475:INFO:Initializing plot_model()
2025-10-01 21:16:07,476:INFO:plot_model(plot=threshold, fold=StratifiedKFold(n_splits=10, random_state=None, shuffle=False), verbose=False, display=None, display_format=None, estimator=RandomForestClassifier(bootstrap=True, ccp_alpha=0.0, class_weight=None,
                       criterion='gini', max_depth=None, max_features='sqrt',
                       max_leaf_nodes=None, max_samples=None,
                       min_impurity_decrease=0.0, min_samples_leaf=1,
                       min_samples_split=2, min_weight_fraction_leaf=0.0,
                       monotonic_cst=None, n_estimators=100, n_jobs=-1,
                       oob_score=False, random_state=6, verbose=0,
                       warm_start=False), feature_name=None, fit_kwargs={}, groups=None, label=False, plot_kwargs=None, save=False, scale=1, self=<pycaret.classification.oop.ClassificationExperiment object at 0x10cbe8640>, system=True)
2025-10-01 21:16:07,476:INFO:Checking exceptions
2025-10-01 21:16:07,489:INFO:Preloading libraries
2025-10-01 21:16:07,504:INFO:Copying training dataset
2025-10-01 21:16:07,504:INFO:Plot type: threshold
2025-10-01 21:16:11,740:INFO:Fitting Model
2025-10-01 21:19:23,700:WARNING:/Users/matiasgodoy/Universidad/2025-2/Lab MDS/GPT-6/lab5/.venv/lib/python3.10/site-packages/sklearn/base.py:493: UserWarning: X does not have valid feature names, but RandomForestClassifier was fitted with feature names
  warnings.warn(

2025-10-01 21:19:23,709:INFO:Scoring test/hold-out set
2025-10-01 21:19:24,481:INFO:Visual Rendered Successfully
2025-10-01 21:19:24,730:INFO:plot_model() successfully completed......................................
